Microsoft (R) Macro Assembler Version 12.00.21005.1	    09/10/15 18:03:54
lab2.1.asm						     Page 1 - 1


				; Program Name:           lab2.1.asm

				; Program Description: Using the AddTwo program as a reference, write a program that calculates the following expression, 
				;						A = (A + B) ? (C + D). Use registers to contain your values. Assign initial integer values to the 
				;						EAX,EBX, ECX, and EDX registers.
				; Author: Chad Dreier
				; Date: 8/31/2015

				.386
				.model flat,stdcall
				.stack 4096
				ExitProcess proto,dwExitCode:dword

 00000000			.data
 00000000 00000004		valA DWORD 4
 00000004 00000002		valB DWORD 2
 00000008 00000003		valC DWORD 3
 0000000C 00000001		valD DWORD 1

 00000000			.code
 00000000			main proc
					; move initial values into registers
 00000000  A1 00000000 R		mov	eax,valA
 00000005  8B 1D 00000004 R		mov ebx,valB
 0000000B  8B 0D 00000008 R		mov ecx,valC
 00000011  8B 15 0000000C R		mov edx,valD

					; add parens
 00000017  03 C3			add	eax,ebx
 00000019  03 CA			add ecx,edx

					; subtract sums
 0000001B  2B C1			sub eax,ecx

					; store end result back into value A
 0000001D  A3 00000000 R		mov valA,eax

					invoke ExitProcess,0
 00000022  6A 00	   *	    push   +000000000h
 00000024  E8 00000000 E   *	    call   ExitProcess
 00000029			main endp
				end main
Microsoft (R) Macro Assembler Version 12.00.21005.1	    09/10/15 18:03:54
lab2.1.asm						     Symbols 2 - 1




Segments and Groups:

                N a m e                 Size     Length   Align   Combine Class

FLAT . . . . . . . . . . . . . .	GROUP
STACK  . . . . . . . . . . . . .	32 Bit	 00001000 DWord	  Stack	  'STACK'	 
_DATA  . . . . . . . . . . . . .	32 Bit	 00000010 DWord	  Public  'DATA'	
_TEXT  . . . . . . . . . . . . .	32 Bit	 00000029 DWord	  Public  'CODE'	


Procedures, parameters, and locals:

                N a m e                 Type     Value    Attr

ExitProcess  . . . . . . . . . .	P Near	 00000000 FLAT	Length= 00000000 External STDCALL
main . . . . . . . . . . . . . .	P Near	 00000000 _TEXT	Length= 00000029 Public STDCALL


Symbols:

                N a m e                 Type     Value    Attr

@CodeSize  . . . . . . . . . . .	Number	 00000000h   
@DataSize  . . . . . . . . . . .	Number	 00000000h   
@Interface . . . . . . . . . . .	Number	 00000003h   
@Model . . . . . . . . . . . . .	Number	 00000007h   
@code  . . . . . . . . . . . . .	Text   	 _TEXT
@data  . . . . . . . . . . . . .	Text   	 FLAT
@fardata?  . . . . . . . . . . .	Text   	 FLAT
@fardata . . . . . . . . . . . .	Text   	 FLAT
@stack . . . . . . . . . . . . .	Text   	 FLAT
valA . . . . . . . . . . . . . .	DWord	 00000000 _DATA	
valB . . . . . . . . . . . . . .	DWord	 00000004 _DATA	
valC . . . . . . . . . . . . . .	DWord	 00000008 _DATA	
valD . . . . . . . . . . . . . .	DWord	 0000000C _DATA	

	   0 Warnings
	   0 Errors
